// Jest Snapshot v1, https://goo.gl/fbAQLP

exports[`Probar la clase de citas Actualizar cita 1`] = `
Citas {
  "citas": Array [
    Object {
      "fecha": "10-10-2010",
      "hora": "10:30",
      "id": 1656371664234,
      "mascota": "asdfs",
      "propietario": "asfd",
      "sintomas": "asvdc",
      "telefono": "1234567890",
    },
  ],
}
`;

exports[`Probar la clase de citas Agregar una nueva cita 1`] = `
Citas {
  "citas": Array [
    Object {
      "fecha": "10-10-2010",
      "hora": "10:30",
      "id": 1656371664234,
      "mascota": "asdfs",
      "propietario": "asfd",
      "sintomas": "asvdc",
      "telefono": "1234567890",
    },
  ],
}
`;

exports[`Probar la clase de citas Eliminar Cita 1`] = `
Citas {
  "citas": Array [],
}
`;
