// Jest Snapshot v1, https://goo.gl/fbAQLP

exports[`Testing al cliente Es Kevin Sarria 1`] = `
Object {
  "balance": 500,
  "nombre": "Kevin Sarria",
  "tipo": "Premiun",
}
`;
